[aidy.framer.ai/index.html]
[backblue.gif]
[fade.gif]
[index.html]
[framerusercontent.com/images/liM2QAdYDmSgXxIIiFNAchWrtA.png]
[framerusercontent.com/images/iXitVRZwpiMU168vcsrS8OEbg.png]
[aidy.framer.ai/about.html]
[aidy.framer.ai/pricing.html]
[aidy.framer.ai/contact-us.html]
[aidy.framer.ai/[object Object].5.delayed]
[framerusercontent.com/images/Cxa6a8GJdp7gEeV8mPpDvPcyYNM.png]
[framerusercontent.com/images/BejH4d33lDUj4Yj1ICYdqwS8RJA.png]
[aidy.framer.ai/team.html]
[aidy.framer.ai/blog.html]
[aidy.framer.ai/index.html]
[aidy.framer.ai/faq.html]
[framerusercontent.com/images/l3Phjn6TcDWKHbgDS40zuuzXPMQ.png]
[framerusercontent.com/images/FhlrpI9diBY1mdyJWcsAzRZA54.png]
[framerusercontent.com/images/pAAwoEfeu8tN4VCtrpcHS5wAJs.png]
[aidy.framer.ai/team/michael-raven.html]
[framerusercontent.com/images/I6Fy6507JBxqiKp9iiurbdrF2Es.png]
[aidy.framer.ai/team/john-green.html]
[framerusercontent.com/images/NfHvTzNOSbPebxwhjweUHzsgvM.png]
[aidy.framer.ai/team/emily-kinney.html]
[framerusercontent.com/images/BKFVognyr1EEAOVMnqRjJEf3O5o.png]
[aidy.framer.ai/team/david.html]
[framerusercontent.com/images/hkLxNfY1SFTc2oDVyLtXToAO8k.png]
[aidy.framer.ai/team/meu-yang.html]
[framerusercontent.com/images/GpbJUzzLU6ZkPhKgdqjLcuocJR0.png]
[aidy.framer.ai/team/maria-sane.html]
[framerusercontent.com/images/sADpWLvs2O4BkuqtPHXEL6rJc.png]
[aidy.framer.ai/about.html]
[aidy.framer.ai/pricing.html]
[aidy.framer.ai/contact-us.html]
[aidy.framer.ai/[object Object].html]
[aidy.framer.ai/team/alex-jones.html]
[framerusercontent.com/images/xj23YfxQxbZV3k3Awttd3h7OHr0.png]
[aidy.framer.ai/team/jenny-wilson.html]
[framerusercontent.com/images/AsUuUV3ArQ9euYHDXfmB36Vw.png]
[aidy.framer.ai/team/robert-fox.html]
[framerusercontent.com/images/JONbOxzwRyJ0eqVau0iWhQc15E.png]
[aidy.framer.ai/team.html]
[aidy.framer.ai/blog/a-conversational-ai-capable-of-generating-diverse-written-content.html]
[framerusercontent.com/images/sVSMvWIUwMCvpbpqUbBCiJhBvMg.png]
[aidy.framer.ai/blog/how-to-write-2000-word-blog-posts-in-under-10-minutes.html]
[framerusercontent.com/images/WmGObbXtrp3a8lY2FO7Bt8D47E.png]
[aidy.framer.ai/blog/incident-response-how-chatbots-handle-security-breaches.html]
[framerusercontent.com/images/nQuYiVgpQh22tuwduGRZYRr5JE.png]
[aidy.framer.ai/blog/chatbot-security-best-practices-for-protecting-sensitive-data.html]
[framerusercontent.com/images/51BnFhiGpaCQN0rbRCcFdqvGQc.png]
[aidy.framer.ai/blog.html]
[aidy.framer.ai/faq.html]
[aidy.framer.ai/team/[object Object].28.delayed]
[aidy.framer.ai/team/michael-raven.html]
[aidy.framer.ai/team/john-green.html]
[aidy.framer.ai/team/emily-kinney.html]
[aidy.framer.ai/team/david.html]
[aidy.framer.ai/team/meu-yang.html]
[aidy.framer.ai/team/maria-sane.html]
[aidy.framer.ai/team/alex-jones.html]
[aidy.framer.ai/team/jenny-wilson.html]
[aidy.framer.ai/team/robert-fox.html]
[aidy.framer.ai/blog/[object Object].29.delayed]
[aidy.framer.ai/blog/a-conversational-ai-capable-of-generating-diverse-written-content.html]
[aidy.framer.ai/blog/how-to-write-2000-word-blog-posts-in-under-10-minutes.html]
[aidy.framer.ai/blog/incident-response-how-chatbots-handle-security-breaches.html]
[aidy.framer.ai/blog/chatbot-security-best-practices-for-protecting-sensitive-data.html]
[aidy.framer.ai/team/[object Object].html]
[aidy.framer.ai/blog/[object Object].html]
